I'm sorry, but errors were detected in your script. Please correct the
errors listed below, and try again.


File "game/script.rpy", line 122: Line is followed by a block, despite not being a menu choice. Did you forget a colon at the end of the line?
    "좋아하는 장르를 선택하세요 (여러 개 선택 가능, 선택을 완료하려면 '끝'을 선택하세요):"
                                                        ^

Ren'Py Version: Ren'Py 8.2.1.24030407
Mon May 20 09:23:05 2024
